\BOOKMARK [1][]{section.1}{\376\377\116\000\060\001\000\040\225\356\230\230\221\315\217\360}{}% 1
\BOOKMARK [2][]{subsection.1.1}{\376\377\0001\000.\0001\000\040\170\024\172\166\200\314\146\157}{section.1}% 2
\BOOKMARK [2][]{subsection.1.2}{\376\377\0001\000.\0002\000\040\225\356\230\230\221\315\217\360}{section.1}% 3
\BOOKMARK [1][]{section.2}{\376\377\116\214\060\001\000\040\225\356\230\230\122\006\147\220}{}% 4
\BOOKMARK [2][]{subsection.2.1}{\376\377\0002\000.\0001\000\040\225\356\230\230\116\000\166\204\122\006\147\220}{section.2}% 5
\BOOKMARK [2][]{subsection.2.2}{\376\377\0002\000.\0002\000\040\225\356\230\230\116\214\166\204\122\006\147\220}{section.2}% 6
\BOOKMARK [2][]{subsection.2.3}{\376\377\0002\000.\0003\000\040\225\356\230\230\116\011\166\204\122\006\147\220}{section.2}% 7
\BOOKMARK [1][]{section.3}{\376\377\116\011\060\001\000\040\152\041\127\213\120\107\213\276\116\016\173\046\123\367\213\364\146\016}{}% 8
\BOOKMARK [2][]{subsection.3.1}{\376\377\0003\000.\0001\000\040\152\041\127\213\120\107\213\276}{section.3}% 9
\BOOKMARK [2][]{subsection.3.2}{\376\377\0003\000.\0002\000\040\173\046\123\367\213\364\146\016}{section.3}% 10
\BOOKMARK [1][]{section.4}{\376\377\126\333\060\001\000\040\152\041\127\213\136\372\172\313\116\016\154\102\211\343}{}% 11
\BOOKMARK [2][]{subsection.4.1}{\376\377\0004\000.\0001\000\040\225\356\230\230\116\000\152\041\127\213\166\204\136\372\172\313\116\016\154\102\211\343}{section.4}% 12
\BOOKMARK [3][]{subsubsection.4.1.1}{\376\377\0004\000.\0001\000.\0001\000\040\145\160\143\156\230\204\131\004\164\006}{subsection.4.1}% 13
\BOOKMARK [3][]{subsubsection.4.1.2}{\376\377\0004\000.\0001\000.\0002\000\040\213\304\116\367\143\007\150\007}{subsection.4.1}% 14
\BOOKMARK [3][]{subsubsection.4.1.3}{\376\377\0004\000.\0001\000.\0003\000\040\225\356\230\230\154\102\211\343\116\016\152\041\127\213\136\372\172\313}{subsection.4.1}% 15
\BOOKMARK [2][]{subsection.4.2}{\376\377\0004\000.\0002\000\040\225\356\230\230\116\214\152\041\127\213\166\204\136\372\172\313\116\016\154\102\211\343}{section.4}% 16
\BOOKMARK [3][]{subsubsection.4.2.1}{\376\377\0004\000.\0002\000.\0001\000\040\136\372\152\041\140\035\215\357}{subsection.4.2}% 17
\BOOKMARK [3][]{subsubsection.4.2.2}{\376\377\0004\000.\0002\000.\0002\000\040\122\006\134\102\121\164\131\113\040\023\142\221\122\066\171\136\176\317\122\250\122\233\133\146\152\041\127\213\166\204\136\372\172\313}{subsection.4.2}% 18
\BOOKMARK [3][]{subsubsection.4.2.3}{\376\377\0004\000.\0002\000.\0003\000\040\201\021\165\065\117\341\123\367\135\356\137\002\166\204\152\041\127\213\211\343\221\312}{subsection.4.2}% 19
\BOOKMARK [3][]{subsubsection.4.2.4}{\376\377\0004\000.\0002\000.\0004\000\040\211\306\211\311\122\072\157\300\124\315\136\224\166\204\162\171\137\201\210\150\171\072}{subsection.4.2}% 20
\BOOKMARK [2][]{subsection.4.3}{\376\377\0004\000.\0003\000\040\225\356\230\230\116\011\152\041\127\213\166\204\136\372\172\313\116\016\154\102\211\343}{section.4}% 21
\BOOKMARK [3][]{subsubsection.4.3.1}{\376\377\0004\000.\0003\000.\0001\000\040\136\372\152\041\140\035\215\357}{subsection.4.3}% 22
\BOOKMARK [3][]{subsubsection.4.3.2}{\376\377\0004\000.\0003\000.\0002\000\040\211\306\211\311\213\244\167\345\166\370\121\163\117\341\123\367\166\204\142\052\123\326}{subsection.4.3}% 23
\BOOKMARK [3][]{subsubsection.4.3.3}{\376\377\0004\000.\0003\000.\0003\000\040\211\306\211\311\040\023\213\260\137\306\040\023\213\244\167\345\133\217\211\302\152\041\127\213\116\016\201\021\165\065\135\356\137\002\211\343\221\312}{subsection.4.3}% 24
\BOOKMARK [3][]{subsubsection.4.3.4}{\376\377\0004\000.\0003\000.\0004\000\040\213\244\167\345\162\266\140\001\232\161\122\250\166\204\116\011\174\173\136\224\173\124\152\041\127\213}{subsection.4.3}% 25
\BOOKMARK [3][]{subsubsection.4.3.5}{\376\377\0004\000.\0003\000.\0005\000\040\152\041\127\213\154\102\211\343\176\323\147\234\116\016\232\214\213\301}{subsection.4.3}% 26
\BOOKMARK [1][]{section.5}{\376\377\116\224\060\001\000\040\152\041\127\213\117\030\177\072\160\271\213\304\116\367}{}% 27
\BOOKMARK [2][]{subsection.5.1}{\376\377\0005\000.\0001\000\040\225\356\230\230\116\000\152\041\127\213\213\304\116\367}{section.5}% 28
\BOOKMARK [2][]{subsection.5.2}{\376\377\0005\000.\0002\000\040\225\356\230\230\116\214\152\041\127\213\213\304\116\367}{section.5}% 29
\BOOKMARK [2][]{subsection.5.3}{\376\377\0005\000.\0003\000\040\225\356\230\230\116\011\152\041\127\213\213\304\116\367}{section.5}% 30
\BOOKMARK [1][]{section*.91}{\376\377\123\302\200\003\145\207\163\056}{}% 31
\BOOKMARK [1][]{section*.91}{\376\377\226\104\137\125}{}% 32
